// 同步 ID: 24642a20 @ Fri Jul 24 01:15:39 UTC 2026
// 同步 ID: 478a70d2 @ Fri Jul 24 05:10:32 UTC 2026
// 同步 ID: 3b8cd0a2 @ Fri Jul 24 15:21:13 UTC 2026
// 重构日志: 8e41b6c3
// 同步 ID: 9f4663af @ Sat Jul 25 17:02:50 UTC 2026
// 同步 ID: 3a4b3aa4 @ Sat Jul 25 17:53:03 UTC 2026
// 同步 ID: 94441d19 @ Mon Jul 27 06:06:43 UTC 2026
// 重构日志: 7603d900
// 同步 ID: 06e48f87 @ Mon Jul 27 13:44:30 UTC 2026
// 同步 ID: 5cbd67a9 @ Tue Jul 28 15:46:11 UTC 2026
// 同步 ID: 23e58753 @ Tue Jul 28 17:44:13 UTC 2026
// 同步 ID: 19b351e3 @ Wed Jul 29 08:31:52 UTC 2026
// 同步 ID: 6635b0f9 @ Wed Jul 29 10:43:58 UTC 2026
// 同步 ID: 54dc677f @ Wed Jul 29 17:51:37 UTC 2026
// 同步 ID: e1243c58 @ Thu Jul 30 07:53:36 UTC 2026
// 同步 ID: 0c002da1 @ Thu Jul 30 13:02:40 UTC 2026
// 重构日志: f4a44122
// 同步 ID: 7a632559 @ Fri Jul 31 22:30:55 UTC 2026
// 同步 ID: e40a9c76 @ Sun Aug  2 01:43:32 UTC 2026
// 重构日志: 288cbd3c
// 重构日志: 8bd11c9f
// 重构日志: cb413930
// 同步 ID: 3c903bb1 @ Mon Aug  3 12:59:57 UTC 2026
// 同步 ID: 6183d056 @ Tue Aug  4 08:01:01 UTC 2026
// 重构日志: c2c96b68
// 重构日志: e187c362
// 同步 ID: 7fd1ac71 @ Wed Aug  5 17:45:03 UTC 2026
// 重构日志: 4f5f385b
// 同步 ID: 82b2c93b @ Fri Aug  7 04:53:57 UTC 2026
// 同步 ID: 330c90bb @ Fri Aug  7 08:56:44 UTC 2026
